// Jest Snapshot v1, https://goo.gl/fbAQLP

exports[`PhoneItem Render correctly 1`] = `
ShallowWrapper {
  "length": 1,
  Symbol(enzyme.__root__): [Circular],
  Symbol(enzyme.__unrendered__): <PhoneItem
    availableTypes={
        Array [
            "Mobile",
          ]
    }
    index={0}
    number="476887251"
    onChange={[Function]}
    onDelete={[Function]}
    type="Work"
    types={
        Array [
            "Work",
            "Mobile",
          ]
    }
/>,
  Symbol(enzyme.__renderer__): Object {
    "batchedUpdates": [Function],
    "getNode": [Function],
    "render": [Function],
    "simulateEvent": [Function],
    "unmount": [Function],
  },
  Symbol(enzyme.__node__): Object {
    "instance": null,
    "key": undefined,
    "nodeType": "host",
    "props": Object {
      "children": Array [
        <div
          className="type-container"
>
          <select
                    onChange={[Function]}
                    value="Work"
          >
                    <option
                              disabled={true}
                              value="Work"
                    >
                              Work
                    </option>
                    <option
                              disabled={false}
                              value="Mobile"
                    >
                              Mobile
                    </option>
          </select>
</div>,
        <input
          onChange={[Function]}
          type="text"
          value="476887251"
/>,
        <button
          onClick={[Function]}
>
          x
</button>,
      ],
      "className": "phone-item",
    },
    "ref": null,
    "rendered": Array [
      Object {
        "instance": null,
        "key": undefined,
        "nodeType": "host",
        "props": Object {
          "children": <select
            onChange={[Function]}
            value="Work"
>
            <option
                        disabled={true}
                        value="Work"
            >
                        Work
            </option>
            <option
                        disabled={false}
                        value="Mobile"
            >
                        Mobile
            </option>
</select>,
          "className": "type-container",
        },
        "ref": null,
        "rendered": Object {
          "instance": null,
          "key": undefined,
          "nodeType": "host",
          "props": Object {
            "children": Array [
              <option
                disabled={true}
                value="Work"
>
                Work
</option>,
              <option
                disabled={false}
                value="Mobile"
>
                Mobile
</option>,
            ],
            "onChange": [Function],
            "value": "Work",
          },
          "ref": null,
          "rendered": Array [
            Object {
              "instance": null,
              "key": "Work",
              "nodeType": "host",
              "props": Object {
                "children": "Work",
                "disabled": true,
                "value": "Work",
              },
              "ref": null,
              "rendered": "Work",
              "type": "option",
            },
            Object {
              "instance": null,
              "key": "Mobile",
              "nodeType": "host",
              "props": Object {
                "children": "Mobile",
                "disabled": false,
                "value": "Mobile",
              },
              "ref": null,
              "rendered": "Mobile",
              "type": "option",
            },
          ],
          "type": "select",
        },
        "type": "div",
      },
      Object {
        "instance": null,
        "key": undefined,
        "nodeType": "host",
        "props": Object {
          "onChange": [Function],
          "type": "text",
          "value": "476887251",
        },
        "ref": null,
        "rendered": null,
        "type": "input",
      },
      Object {
        "instance": null,
        "key": undefined,
        "nodeType": "host",
        "props": Object {
          "children": "x",
          "onClick": [Function],
        },
        "ref": null,
        "rendered": "x",
        "type": "button",
      },
    ],
    "type": "div",
  },
  Symbol(enzyme.__nodes__): Array [
    Object {
      "instance": null,
      "key": undefined,
      "nodeType": "host",
      "props": Object {
        "children": Array [
          <div
            className="type-container"
>
            <select
                        onChange={[Function]}
                        value="Work"
            >
                        <option
                                    disabled={true}
                                    value="Work"
                        >
                                    Work
                        </option>
                        <option
                                    disabled={false}
                                    value="Mobile"
                        >
                                    Mobile
                        </option>
            </select>
</div>,
          <input
            onChange={[Function]}
            type="text"
            value="476887251"
/>,
          <button
            onClick={[Function]}
>
            x
</button>,
        ],
        "className": "phone-item",
      },
      "ref": null,
      "rendered": Array [
        Object {
          "instance": null,
          "key": undefined,
          "nodeType": "host",
          "props": Object {
            "children": <select
              onChange={[Function]}
              value="Work"
>
              <option
                            disabled={true}
                            value="Work"
              >
                            Work
              </option>
              <option
                            disabled={false}
                            value="Mobile"
              >
                            Mobile
              </option>
</select>,
            "className": "type-container",
          },
          "ref": null,
          "rendered": Object {
            "instance": null,
            "key": undefined,
            "nodeType": "host",
            "props": Object {
              "children": Array [
                <option
                  disabled={true}
                  value="Work"
>
                  Work
</option>,
                <option
                  disabled={false}
                  value="Mobile"
>
                  Mobile
</option>,
              ],
              "onChange": [Function],
              "value": "Work",
            },
            "ref": null,
            "rendered": Array [
              Object {
                "instance": null,
                "key": "Work",
                "nodeType": "host",
                "props": Object {
                  "children": "Work",
                  "disabled": true,
                  "value": "Work",
                },
                "ref": null,
                "rendered": "Work",
                "type": "option",
              },
              Object {
                "instance": null,
                "key": "Mobile",
                "nodeType": "host",
                "props": Object {
                  "children": "Mobile",
                  "disabled": false,
                  "value": "Mobile",
                },
                "ref": null,
                "rendered": "Mobile",
                "type": "option",
              },
            ],
            "type": "select",
          },
          "type": "div",
        },
        Object {
          "instance": null,
          "key": undefined,
          "nodeType": "host",
          "props": Object {
            "onChange": [Function],
            "type": "text",
            "value": "476887251",
          },
          "ref": null,
          "rendered": null,
          "type": "input",
        },
        Object {
          "instance": null,
          "key": undefined,
          "nodeType": "host",
          "props": Object {
            "children": "x",
            "onClick": [Function],
          },
          "ref": null,
          "rendered": "x",
          "type": "button",
        },
      ],
      "type": "div",
    },
  ],
  Symbol(enzyme.__options__): Object {
    "adapter": ReactSixteenAdapter {
      "options": Object {
        "enableComponentDidUpdateOnSetState": true,
      },
    },
  },
}
`;
